prnbb@LAPTOP-DEQ91DJ0 MINGW64 ~/Desktop/LearningGit (master)
$ git remote -v

prnbb@LAPTOP-DEQ91DJ0 MINGW64 ~/Desktop/LearningGit (master)
$ git remote add origin https://github.com/prnbbora4/LearningGit.git

prnbb@LAPTOP-DEQ91DJ0 MINGW64 ~/Desktop/LearningGit (master)
$ git remote -v
origin  https://github.com/prnbbora4/LearningGit.git (fetch)
origin  https://github.com/prnbbora4/LearningGit.git (push)

prnbb@LAPTOP-DEQ91DJ0 MINGW64 ~/Desktop/LearningGit (master)
$ git branch -M main

prnbb@LAPTOP-DEQ91DJ0 MINGW64 ~/Desktop/LearningGit (main)
$ git push -u origin main
Enumerating objects: 11, done.
Counting objects: 100% (11/11), done.
Delta compression using up to 8 threads
Compressing objects: 100% (7/7), done.
Writing objects: 100% (11/11), 881 bytes | 440.00 KiB/s, done.
Total 11 (delta 1), reused 0 (delta 0), pack-reused 0
remote: Resolving deltas: 100% (1/1), done.
To https://github.com/prnbbora4/LearningGit.git
 * [new branch]      main -> main
Branch 'main' set up to track remote branch 'main' from 'origin'.


prnbb@LAPTOP-DEQ91DJ0 MINGW64 ~/Desktop/LearningGit (main)
$ git status
On branch main
Your branch is up to date with 'origin/main'.

Untracked files:
  (use "git add <file>..." to include in what will be committed)
        Git_Checkout_Branch_Subbranch_merge_gitignore.txt
        Git_ConfigAddStatusCommitLog.txt

nothing added to commit but untracked files present (use "git add" to track)

prnbb@LAPTOP-DEQ91DJ0 MINGW64 ~/Desktop/LearningGit (main)
$ git add .

prnbb@LAPTOP-DEQ91DJ0 MINGW64 ~/Desktop/LearningGit (main)
$ git status
On branch main
Your branch is up to date with 'origin/main'.

Changes to be committed:
  (use "git restore --staged <file>..." to unstage)
        new file:   Git_Checkout_Branch_Subbranch_merge_gitignore.txt
        new file:   Git_ConfigAddStatusCommitLog.txt


prnbb@LAPTOP-DEQ91DJ0 MINGW64 ~/Desktop/LearningGit (main)
$ git commit -m "add git files"
[main f48a3c2] add git files
 2 files changed, 461 insertions(+)
 create mode 100644 Git_Checkout_Branch_Subbranch_merge_gitignore.txt
 create mode 100644 Git_ConfigAddStatusCommitLog.txt

prnbb@LAPTOP-DEQ91DJ0 MINGW64 ~/Desktop/LearningGit (main)
$ git push -u origin main
Enumerating objects: 5, done.
Counting objects: 100% (5/5), done.
Delta compression using up to 8 threads
Compressing objects: 100% (4/4), done.
Writing objects: 100% (4/4), 2.30 KiB | 1.15 MiB/s, done.
Total 4 (delta 1), reused 0 (delta 0), pack-reused 0
remote: Resolving deltas: 100% (1/1), done.
To https://github.com/prnbbora4/LearningGit.git
   781280c..f48a3c2  main -> main
Branch 'main' set up to track remote branch 'main' from 'origin'.

prnbb@LAPTOP-DEQ91DJ0 MINGW64 ~/Desktop/LearningGit (main)
$ git checkout dev
Switched to branch 'dev'

prnbb@LAPTOP-DEQ91DJ0 MINGW64 ~/Desktop/LearningGit (dev)
$ git push -u origin dev
Total 0 (delta 0), reused 0 (delta 0), pack-reused 0
remote:
remote: Create a pull request for 'dev' on GitHub by visiting:
remote:      https://github.com/prnbbora4/LearningGit/pull/new/dev
remote:
To https://github.com/prnbbora4/LearningGit.git
 * [new branch]      dev -> dev
Branch 'dev' set up to track remote branch 'dev' from 'origin'.
